# leakcheck baseline (leakcheck v1.1.0)
#
# WHAT THIS FILE IS
# Every line below is an internal identifier that is ALREADY PUBLISHED in this
# public repo. The gate ignores these lines so that existing work is not
# blocked, and fails on anything new.
#
# A LINE HERE IS A RECORD OF A LEAK THAT ALREADY HAPPENED. IT IS NOT A LICENCE
# TO ADD MORE. Never hand-add a line to get a commit through. The honest way to
# clear a finding is to delete the identifier from the source and run
# `make leakcheck-update`, which is the only direction this file should move.
#
# Columns are tab separated: <path> <kind> <token>
# Regenerate with: make leakcheck-update
Tests/RunOSDesktopTests/ModelTests.swift	ipv4	10.10.0.3
Tests/RunOSDesktopTests/ModelTests.swift	ipv4	10.20.0.1
Tests/RunOSDesktopTests/ModelTests.swift	ipv4	10.20.0.2
Tests/RunOSDesktopTests/ModelTests.swift	ipv4	172.20.0.9
Tests/RunOSDesktopTests/ModelTests.swift	ipv4	192.168.10.20
